// Jest Snapshot v1, https://goo.gl/fbAQLP

exports[`App Container renders with proper defaults 1`] = `
<div>
  <div
    className="board"
  >
    <div
      className="board-row"
    >
      <div
        className="board-block"
        onMouseDown={[Function]}
        style={
          Object {
            "backgroundColor": null,
          }
        }
      />
      <div
        className="board-block"
        onMouseDown={[Function]}
        style={
          Object {
            "backgroundColor": "#FFF",
          }
        }
      />
    </div>
    <div
      className="board-row"
    >
      <div
        className="board-block"
        onMouseDown={[Function]}
        style={
          Object {
            "backgroundColor": "#FFF",
          }
        }
      />
      <div
        className="board-block"
        onMouseDown={[Function]}
        style={
          Object {
            "backgroundColor": null,
          }
        }
      />
    </div>
  </div>
  <div
    className="controls uk-button-group"
  >
    <button
      className="uk-button uk-button-default uk-margin-right"
      onClick={[Function]}
    >
      START
    </button>
    <button
      className="uk-button uk-button-default uk-margin-right"
      onClick={[Function]}
    >
      RESET
    </button>
    <button
      className="uk-button uk-button-default"
      onClick={[Function]}
    >
      CLEAR
    </button>
  </div>
</div>
`;
